
> my-app@0.0.0 build
> vite build

[36mvite v7.3.2 [32mbuilding client environment for production...[36m[39m
transforming...
[32mظ£ô[39m 1886 modules transformed.
node.exe : [31mظ£ù[39m Build failed in 1m 18s
At line:1 char:1
+ & "C:\Program Files\nodejs/node.exe" "C:\Program Files\nodejs/node_mo ...
+ ~~~~~~~~~~~~~~~~~~~~~~~~~~~~~~~~~~~~~~~~~~~~~~~~~~~~~~~~~~~~~~~~~~~~~
    + CategoryInfo          : NotSpecified: ([31mظ£ù[39m Build failed in 1m  
   18s:String) [], RemoteException
    + FullyQualifiedErrorId : NativeCommandError
 
[31merror during build:
[31mCould not resolve entry module "@radix-ui/react-toast".[31m
    at getRollupError (file:///C:/Users/pelew/Desktop/HikmahHUB.ng/app/node_mod
ules/rollup/dist/es/shared/parseAst.js:406:41)
    at error (file:///C:/Users/pelew/Desktop/HikmahHUB.ng/app/node_modules/roll
up/dist/es/shared/parseAst.js:402:42)
    at ModuleLoader.loadEntryModule (file:///C:/Users/pelew/Desktop/HikmahHUB.n
g/app/node_modules/rollup/dist/es/shared/node-entry.js:22141:20)
    at async Promise.all (index 8)
    at async Promise.all (index 0)[39m
